ID          DISPLAY_NAME                                                                                                                                           CLIENT_ID   PART_NUMBER                                        BATCH_NUMBER                                       DESCRIPTION                                        LBS_VOC                                 LBS_VOC_UM  DENSITY                                 DENSITY_UM  LBS_HAPS                                LBS_HAPS_UM PCT_SOLIDS_VOLUME                       PCT_SOLIDS_WEIGHT                       INFO_ORIGIN                                        SOURCE_TYPE_CD STATUS_CD CREATE_TS               UPDATE_TS               UPDATE_USER_ID DISPLAY_COLOR_CD                                   HC_FUEL     VERSION
----------- ------------------------------------------------------------------------------------------------------------------------------------------------------ ----------- -------------------------------------------------- -------------------------------------------------- -------------------------------------------------- --------------------------------------- ----------- --------------------------------------- ----------- --------------------------------------- ----------- --------------------------------------- --------------------------------------- -------------------------------------------------- -------------- --------- ----------------------- ----------------------- -------------- -------------------------------------------------- ----------- --------------------
1           HyTran OIl_86836483_                                                                                                                                   682         86836483                                                                                              HyTran OIl                                         0.000000                                NULL        8.340000                                6           0.000000                                NULL        0.000000                                0.000000                                                                                   3              1         2010-02-26 13:00:29.373 2010-03-19 15:31:42.743 1212           #FF1493                                            NULL        0
51          AER CNH Dark Gray _W43706_                                                                                                                             682         W43706                                                                                                AER CNH Dark Gray                                  2.957000                                6           6.270000                                6           1.187000                                6           0.105700                                0.158500                                                                                   1              1         2010-03-02 12:34:22.037 2010-03-30 17:01:41.773 1211           #A9A9A9                                            NULL        0
56          Haytool Oil_94115_                                                                                                                                     682         94115                                                                                                 Haytool Oil                                        0.000000                                NULL        0.000000                                NULL        0.000000                                NULL        0.000000                                0.000000                                TANKS Software                                     3              1         2010-03-04 15:15:07.567 2010-03-19 15:32:31.370 1212           #FF1493                                            NULL        0
57          BioDiesel Fuel_87372061_                                                                                                                               682         87372061                                                                                              BioDiesel Fuel                                     0.000000                                NULL        8.340000                                6           0.000000                                NULL        0.000000                                0.000000                                TANKS software                                     3              1         2010-03-04 15:16:35.397 2010-03-19 15:32:17.010 1212           #FF1493                                            NULL        0
58          Ethylene Glycol_87105053_                                                                                                                              682         87105053                                                                                              Ethylene Glycol                                    0.000000                                NULL        8.340000                                6           0.000000                                NULL        0.000000                                0.000000                                TANKS software                                     3              1         2010-03-04 15:17:34.177 2010-03-19 15:31:50.867 1212           #FF1493                                            NULL        0
59          Motor Oil_86641088_                                                                                                                                    682         86641088                                                                                              Motor Oil                                          0.000000                                NULL        8.340000                                6           0.000000                                NULL        0.000000                                0.000000                                TANKS software                                     3              1         2010-03-04 15:18:29.880 2010-03-19 15:31:35.460 1212           #FF1493                                            NULL        0
60          Gear Lube Oil_87304335_                                                                                                                                682         87304335                                                                                              Gear Lube Oil                                      0.000000                                NULL        8.340000                                6           0.000000                                NULL        0.000000                                0.000000                                TANKS software                                     3              1         2010-03-04 15:19:21.363 2010-03-19 15:32:02.180 1212           #FF1493                                            NULL        0
76          Red_012345_12                                                                                                                                          5           012345                                             12                                                 Red                                                3.000000                                6           7.750000                                6           0.000000                                6           0.626000                                0.623000                                Sher-Will                                          1              1         2010-03-22 11:59:33.487 2010-03-22 11:59:33.487 4              #FF0000                                            NULL        0
77          Yellow_SPU7999_45                                                                                                                                      5           SPU7999                                            45                                                 Yellow                                             3.210000                                6           9.390000                                6           0.000000                                6           0.524800                                0.633000                                Sher-Will                                          1              1         2010-03-22 12:02:05.863 2010-03-22 12:02:05.863 4              #FFFF00                                            NULL        0
79          Red_8291_90                                                                                                                                            5           8291                                               90                                                 Red                                                0.500000                                6           12.300000                               6           0.050000                                6           0.098000                                0.290000                                PNG                                                1              1         2010-03-22 13:11:51.300 2010-03-22 13:11:51.300 4              #FF0000                                            NULL        0
80          Ethylene Glycol_84335678_                                                                                                                              5           84335678                                                                                              Ethylene Glycol                                    36.000000                               6           0.000000                                NULL        0.000000                                NULL        0.000000                                0.000000                                TANKS software                                     3              1         2010-03-22 16:30:48.473 2010-03-22 16:30:48.473 1226           NULL                                               NULL        0
86          Generic Gas_0000_0000                                                                                                                                  682         0000                                               0000                                               Generic Gas                                        0.000000                                NULL        0.000000                                NULL        0.000000                                NULL        0.000000                                0.000000                                                                                   2              1         2010-03-25 10:18:41.333 2010-03-25 15:40:00.190 1212           NULL                                               NULL        0
88          Paint Waste 1 for VOCs_0000W1_                                                                                                                         682         0000W1                                                                                                Paint Waste 1 for VOCs                             400.000000                              6           8.300000                                6           0.000000                                NULL        0.000000                                0.000000                                Analytical Lab                                     1              1         2010-04-14 10:01:47.947 2010-04-14 10:01:47.947 1212           NULL                                               NULL        0
122         tes_tes_tes                                                                                                                                            5           tes                                                tes                                                tes                                                0.000000                                NULL        0.000000                                NULL        0.000000                                NULL        0.000000                                0.000000                                                                                   1              1         2010-11-29 12:12:28.653 2010-11-29 12:12:28.653 4              NULL                                               0           0
209         Pams Red_SPU 65292A_99750                                                                                                                              682         SPU 65292A                                         99750                                              Pams Red                                           3.280000                                6           8.420000                                6           0.000000                                NULL        0.504200                                0.581700                                EDS                                                1              1         2011-09-27 11:15:33.137 2011-09-27 11:15:33.137 1568           #FF0000                                            0           0

(15 row(s) affected)

